// Jest Snapshot v1, https://goo.gl/fbAQLP

exports[`autify mobile build upload /path/to/ios.ipa --workspace-id AAA 1`] = `
{
  "stderr": "",
  "stdout": "[HPM] Proxy created: /  -> https://app.autify.com
[HPM] Proxy created: /  -> https://mobile-app.autify.com
âœ… Successfully uploaded ios.ipa (ID: A8upqB). See https://mobile-app.autify.com/projects/4yyFEL/builds?os=ios&selectedBuildId=A8upqB&page=1
[HPM] server close signal received: closing proxy server
",
}
`;
