// Jest Snapshot v1, https://goo.gl/fbAQLP

exports[`autify mobile test run https://mobile-app.autify.com/projects/AAA/test_plans/BBB --build-path /path/to/MyApp.app 1`] = `
Object {
  "stderr": "",
  "stdout": "[HPM] Proxy created: /  -> https://app.autify.com
[HPM] Proxy created: /  -> https://mobile-app.autify.com
âœ… Successfully uploaded ios.app (ID: lXuYL3). See https://mobile-app.autify.com/projects/4yyFEL/builds?os=ios&selectedBuildId=lXuYL3&page=1
âœ… Successfully started: https://mobile-app.autify.com/projects/4yyFEL/results/d3tvLd
To wait for the test result, run the command below:
ðŸ’» $ autify mobile test wait https://mobile-app.autify.com/projects/4yyFEL/results/d3tvLd
[HPM] server close signal received: closing proxy server
",
}
`;
