// Jest Snapshot v1, https://goo.gl/fbAQLP

exports[`autify mobile test run https://mobile-app.autify.com/projects/AAA/test_plans/BBB --build-path /path/to/app-debug.apk 1`] = `
{
  "stderr": "",
  "stdout": "[HPM] Proxy created: /  -> https://app.autify.com
[HPM] Proxy created: /  -> https://mobile-app.autify.com
âœ… Successfully uploaded android.apk (ID: XYuLpX). See https://mobile-app.autify.com/projects/4yyFEL/builds?os=android&selectedBuildId=XYuLpX&page=1
âœ… Successfully started: https://mobile-app.autify.com/projects/4yyFEL/results/jztZvo
To wait for the test result, run the command below:
ðŸ’» $ autify mobile test wait https://mobile-app.autify.com/projects/4yyFEL/results/jztZvo
[HPM] server close signal received: closing proxy server
",
}
`;
