// Jest Snapshot v1, https://goo.gl/fbAQLP

exports[`autify web test run https://app.autify.com/projects/743/scenarios/91437 1`] = `
Object {
  "stderr": "",
  "stdout": "[HPM] Proxy created: /  -> https://app.autify.com
[HPM] Proxy created: /  -> https://mobile-app.autify.com
âœ… Successfully started: https://app.autify.com/projects/743/results/1096843 (Capability is Linux Chrome 101.0)
To wait for the test result, run the command below:
ðŸ’» $ autify web test wait https://app.autify.com/projects/743/results/1096843
[HPM] server close signal received: closing proxy server
",
}
`;
